<html>
<body>
<pre>
<h1>礦ision Build Log</h1>
<h2>Tool Versions:</h2>
IDE-Version: μVision V5.18.0.0
Copyright (C) 2016 ARM Ltd and ARM Germany GmbH. All rights reserved.
License Information: 11 22, 33, LIC=CZLTG-VEF25-X6ZQZ-JHMMW-55II8-8HTFV
 
Tool Versions:
Toolchain:       MDK-ARM Standard  Version: 5.18
Toolchain Path:  D:\keil5\ARM\ARMCC\Bin
C Compiler:      Armcc.exe V5.06 update 1 (build 61)
Assembler:       Armasm.exe V5.06 update 1 (build 61)
Linker/Locator:  ArmLink.exe V5.06 update 1 (build 61)
Library Manager: ArmAr.exe V5.06 update 1 (build 61)
Hex Converter:   FromElf.exe V5.06 update 1 (build 61)
CPU DLL:         SARMCM3.DLL V5.18
Dialog DLL:      DARMSTM.DLL V1.65.0.0
Target DLL:      STLink\ST-LINKIII-KEIL_SWO.dll V2.0.14.0_KEIL
Dialog DLL:      TARMSTM.DLL V1.64.0.0
 
<h2>Project:</h2>
D:\ecode\工程训练\hc-sr04\USER\EXTI.uvprojx
Project File Date:  09/18/2018

<h2>Output:</h2>
*** Using Compiler 'V5.06 update 1 (build 61)', folder: 'D:\keil5\ARM\ARMCC\Bin'
Rebuild target 'EXTI'
compiling system_stm32f10x.c...
compiling stm32f10x_it.c...
compiling main.c...
compiling beep.c...
compiling key.c...
compiling led.c...
compiling wave.c...
compiling timer.c...
compiling exti.c...
compiling IRSEARCH.c...
..\HARDWARE\IRSEARCH\IRSEARCH.c(28): warning:  #223-D: function "printf" declared implicitly
  	if (
EARCH_R_IO == 
LACK_AREA) printf("black\r\n");
..\HARDWARE\IRSEARCH\IRSEARCH.c: 1 warning, 0 errors
compiling delay.c...
compiling sys.c...
assembling startup_stm32f10x_hd.s...
compiling core_cm3.c...
compiling usart.c...
compiling misc.c...
compiling stm32f10x_gpio.c...
compiling stm32f10x_rcc.c...
compiling stm32f10x_usart.c...
compiling stm32f10x_exti.c...
compiling stm32f10x_tim.c...
linking...
Program Size: Code=11188 RO-data=336 RW-data=64 ZI-data=1832  
FromELF: creating hex file...
"..\OBJ\EXIT.axf" - 0 Error(s), 1 Warning(s).

<h2>Collection of Component include folders:</h2>
  D:\ecode\工程训练\hc-sr04\USER\RTE
  D:\keil5\ARM\PACK\Keil\STM32F1xx_DFP\2.0.0\Device\Include

<h2>Collection of Component Files used:</h2>
Build Time Elapsed:  00:00:04
</pre>
</body>
</html>
